Traceback (most recent call last):
  File "/opt/hostedtoolcache/Python/3.10.21/x64/lib/python3.10/site-packages/jupyter_cache/executors/utils.py", line 58, in single_nb_execution
    executenb(
  File "/opt/hostedtoolcache/Python/3.10.21/x64/lib/python3.10/site-packages/nbclient/client.py", line 1323, in execute
    return NotebookClient(nb=nb, resources=resources, km=km, **kwargs).execute()
  File "/opt/hostedtoolcache/Python/3.10.21/x64/lib/python3.10/site-packages/jupyter_core/utils/__init__.py", line 165, in wrapped
    return loop.run_until_complete(inner)
  File "/opt/hostedtoolcache/Python/3.10.21/x64/lib/python3.10/asyncio/base_events.py", line 649, in run_until_complete
    return future.result()
  File "/opt/hostedtoolcache/Python/3.10.21/x64/lib/python3.10/site-packages/nbclient/client.py", line 709, in async_execute
    await self.async_execute_cell(
  File "/opt/hostedtoolcache/Python/3.10.21/x64/lib/python3.10/site-packages/nbclient/client.py", line 1062, in async_execute_cell
    await self._check_raise_for_error(cell, cell_index, exec_reply)
  File "/opt/hostedtoolcache/Python/3.10.21/x64/lib/python3.10/site-packages/nbclient/client.py", line 918, in _check_raise_for_error
    raise CellExecutionError.from_cell_and_msg(cell, exec_reply_content)
nbclient.exceptions.CellExecutionError: An error occurred while executing the following cell:
------------------
# ------------------------------------------------------------
# 4) Matplotlib Basics
# ------------------------------------------------------------

import matplotlib.pyplot as plt
"""
plt.plot() # showing trends or connections between points
plt.scatter() # shows individual points without connecting lines, best for points
plt.bar() # best for categories or discrete groups
plt.hist() # best for distribution of continuous data
"""

# Line plot (plt.plot) - trends or connections
x = [1, 2, 3, 4, 5]
y = [2, 4, 6, 8, 10]
plt.figure(figsize=(5,3))
plt.plot(x, y, marker='o', color='blue', label='Trend')
plt.title("Line Plot Example")
plt.xlabel("X-axis")
plt.ylabel("Y-axis")
plt.legend()
plt.show()

# Scatter plot (plt.scatter) - individual points
x = [5, 7, 8, 7, 2]
y = [99, 86, 87, 88, 100]
plt.figure(figsize=(5,3))
plt.scatter(x, y, color='red')
plt.title("Scatter Plot Example")
plt.xlabel("X-axis")
plt.ylabel("Y-axis")
plt.show()

# Bar plot (plt.bar) - categories
categories = ['Apples', 'Bananas', 'Cherries']
values = [10, 15, 7]
plt.figure(figsize=(5,3))
plt.bar(categories, values, color='green')
plt.title("Bar Plot Example")
plt.ylabel("Quantity")
plt.show()

# Histogram (plt.hist) - distribution
data = [1,2,2,3,3,3,4,4,4,4,5,5,5,6,6,7]
plt.figure(figsize=(5,3))
plt.hist(data, bins=6, color='purple', edgecolor='black')
plt.title("Histogram Example")
plt.xlabel("Value")
plt.ylabel("Frequency")
plt.show()
------------------


[0;31m---------------------------------------------------------------------------[0m
[0;31mModuleNotFoundError[0m                       Traceback (most recent call last)
Cell [0;32mIn[5], line 5[0m
[1;32m      1[0m [38;5;66;03m# ------------------------------------------------------------[39;00m
[1;32m      2[0m [38;5;66;03m# 4) Matplotlib Basics[39;00m
[1;32m      3[0m [38;5;66;03m# ------------------------------------------------------------[39;00m
[0;32m----> 5[0m [38;5;28;01mimport[39;00m[38;5;250m [39m[38;5;21;01mmatplotlib[39;00m[38;5;21;01m.[39;00m[38;5;21;01mpyplot[39;00m[38;5;250m [39m[38;5;28;01mas[39;00m[38;5;250m [39m[38;5;21;01mplt[39;00m
[1;32m      6[0m [38;5;124;03m"""[39;00m
[1;32m      7[0m [38;5;124;03mplt.plot() # showing trends or connections between points[39;00m
[1;32m      8[0m [38;5;124;03mplt.scatter() # shows individual points without connecting lines, best for points[39;00m
[1;32m      9[0m [38;5;124;03mplt.bar() # best for categories or discrete groups[39;00m
[1;32m     10[0m [38;5;124;03mplt.hist() # best for distribution of continuous data[39;00m
[1;32m     11[0m [38;5;124;03m"""[39;00m
[1;32m     13[0m [38;5;66;03m# Line plot (plt.plot) - trends or connections[39;00m

[0;31mModuleNotFoundError[0m: No module named 'matplotlib'

